
> charles-jasema-portfolio@1.0.0 build
> next build

  Γû▓ Next.js 14.2.35
  - Experiments (use with caution):
    ┬╖ scrollRestoration

   Creating an optimized production build ...
